// Jest Snapshot v1, https://goo.gl/fbAQLP

exports[`render AddExpensePage correctly 1`] = `undefined`;
